images_png/1366.png masks_png/1366.png
images_png/1367.png masks_png/1367.png
images_png/1368.png masks_png/1368.png
images_png/1369.png masks_png/1369.png
images_png/1370.png masks_png/1370.png
images_png/1371.png masks_png/1371.png
images_png/1372.png masks_png/1372.png
images_png/1373.png masks_png/1373.png
images_png/1374.png masks_png/1374.png
images_png/1375.png masks_png/1375.png
images_png/1376.png masks_png/1376.png
images_png/1377.png masks_png/1377.png
images_png/1378.png masks_png/1378.png
images_png/1379.png masks_png/1379.png
images_png/1380.png masks_png/1380.png
images_png/1381.png masks_png/1381.png
images_png/1382.png masks_png/1382.png
images_png/1383.png masks_png/1383.png
images_png/1384.png masks_png/1384.png
images_png/1385.png masks_png/1385.png
images_png/1386.png masks_png/1386.png
images_png/1387.png masks_png/1387.png
images_png/1388.png masks_png/1388.png
images_png/1389.png masks_png/1389.png
images_png/1390.png masks_png/1390.png
images_png/1391.png masks_png/1391.png
images_png/1392.png masks_png/1392.png
images_png/1393.png masks_png/1393.png
images_png/1394.png masks_png/1394.png
images_png/1395.png masks_png/1395.png
images_png/1396.png masks_png/1396.png
images_png/1397.png masks_png/1397.png
images_png/1398.png masks_png/1398.png
images_png/1399.png masks_png/1399.png
images_png/1400.png masks_png/1400.png
images_png/1401.png masks_png/1401.png
images_png/1402.png masks_png/1402.png
images_png/1403.png masks_png/1403.png
images_png/1404.png masks_png/1404.png
images_png/1405.png masks_png/1405.png
images_png/1406.png masks_png/1406.png
images_png/1407.png masks_png/1407.png
images_png/1408.png masks_png/1408.png
images_png/1409.png masks_png/1409.png
images_png/1410.png masks_png/1410.png
images_png/1411.png masks_png/1411.png
images_png/1412.png masks_png/1412.png
images_png/1413.png masks_png/1413.png
images_png/1414.png masks_png/1414.png
images_png/1415.png masks_png/1415.png
images_png/1416.png masks_png/1416.png
images_png/1417.png masks_png/1417.png
images_png/1418.png masks_png/1418.png
images_png/1419.png masks_png/1419.png
images_png/1420.png masks_png/1420.png
images_png/1421.png masks_png/1421.png
images_png/1422.png masks_png/1422.png
images_png/1423.png masks_png/1423.png
images_png/1424.png masks_png/1424.png
images_png/1425.png masks_png/1425.png
images_png/1426.png masks_png/1426.png
images_png/1427.png masks_png/1427.png
images_png/1428.png masks_png/1428.png
images_png/1429.png masks_png/1429.png
images_png/1430.png masks_png/1430.png
images_png/1431.png masks_png/1431.png
images_png/1432.png masks_png/1432.png
images_png/1433.png masks_png/1433.png
images_png/1434.png masks_png/1434.png
images_png/1435.png masks_png/1435.png
images_png/1436.png masks_png/1436.png
images_png/1437.png masks_png/1437.png
images_png/1438.png masks_png/1438.png
images_png/1439.png masks_png/1439.png
images_png/1440.png masks_png/1440.png
images_png/1441.png masks_png/1441.png
images_png/1442.png masks_png/1442.png
images_png/1443.png masks_png/1443.png
images_png/1444.png masks_png/1444.png
images_png/1445.png masks_png/1445.png
images_png/1446.png masks_png/1446.png
images_png/1447.png masks_png/1447.png
images_png/1448.png masks_png/1448.png
images_png/1449.png masks_png/1449.png
images_png/1450.png masks_png/1450.png
images_png/1451.png masks_png/1451.png
images_png/1452.png masks_png/1452.png
images_png/1453.png masks_png/1453.png
images_png/1454.png masks_png/1454.png
images_png/1455.png masks_png/1455.png
images_png/1456.png masks_png/1456.png
images_png/1457.png masks_png/1457.png
images_png/1458.png masks_png/1458.png
images_png/1459.png masks_png/1459.png
images_png/1460.png masks_png/1460.png
images_png/1461.png masks_png/1461.png
images_png/1462.png masks_png/1462.png
images_png/1463.png masks_png/1463.png
images_png/1464.png masks_png/1464.png
images_png/1465.png masks_png/1465.png
images_png/1466.png masks_png/1466.png
images_png/1467.png masks_png/1467.png
images_png/1468.png masks_png/1468.png
images_png/1469.png masks_png/1469.png
images_png/1470.png masks_png/1470.png
images_png/1471.png masks_png/1471.png
images_png/1472.png masks_png/1472.png
images_png/1473.png masks_png/1473.png
images_png/1474.png masks_png/1474.png
images_png/1475.png masks_png/1475.png
images_png/1476.png masks_png/1476.png
images_png/1477.png masks_png/1477.png
images_png/1478.png masks_png/1478.png
images_png/1479.png masks_png/1479.png
images_png/1480.png masks_png/1480.png
images_png/1481.png masks_png/1481.png
images_png/1482.png masks_png/1482.png
images_png/1483.png masks_png/1483.png
images_png/1484.png masks_png/1484.png
images_png/1485.png masks_png/1485.png
images_png/1486.png masks_png/1486.png
images_png/1487.png masks_png/1487.png
images_png/1488.png masks_png/1488.png
images_png/1489.png masks_png/1489.png
images_png/1490.png masks_png/1490.png
images_png/1491.png masks_png/1491.png
images_png/1492.png masks_png/1492.png
images_png/1493.png masks_png/1493.png
images_png/1494.png masks_png/1494.png
images_png/1495.png masks_png/1495.png
images_png/1496.png masks_png/1496.png
images_png/1497.png masks_png/1497.png
images_png/1498.png masks_png/1498.png
images_png/1499.png masks_png/1499.png
images_png/1500.png masks_png/1500.png
images_png/1501.png masks_png/1501.png
images_png/1502.png masks_png/1502.png
images_png/1503.png masks_png/1503.png
images_png/1504.png masks_png/1504.png
images_png/1505.png masks_png/1505.png
images_png/1506.png masks_png/1506.png
images_png/1507.png masks_png/1507.png
images_png/1508.png masks_png/1508.png
images_png/1509.png masks_png/1509.png
images_png/1510.png masks_png/1510.png
images_png/1511.png masks_png/1511.png
images_png/1512.png masks_png/1512.png
images_png/1513.png masks_png/1513.png
images_png/1514.png masks_png/1514.png
images_png/1515.png masks_png/1515.png
images_png/1516.png masks_png/1516.png
images_png/1517.png masks_png/1517.png
images_png/1518.png masks_png/1518.png
images_png/1519.png masks_png/1519.png
images_png/1520.png masks_png/1520.png
images_png/1521.png masks_png/1521.png
images_png/1522.png masks_png/1522.png
images_png/1523.png masks_png/1523.png
images_png/1524.png masks_png/1524.png
images_png/1525.png masks_png/1525.png
images_png/1526.png masks_png/1526.png
images_png/1527.png masks_png/1527.png
images_png/1528.png masks_png/1528.png
images_png/1529.png masks_png/1529.png
images_png/1530.png masks_png/1530.png
images_png/1531.png masks_png/1531.png
images_png/1532.png masks_png/1532.png
images_png/1533.png masks_png/1533.png
images_png/1534.png masks_png/1534.png
images_png/1535.png masks_png/1535.png
images_png/1536.png masks_png/1536.png
images_png/1537.png masks_png/1537.png
images_png/1538.png masks_png/1538.png
images_png/1539.png masks_png/1539.png
images_png/1540.png masks_png/1540.png
images_png/1541.png masks_png/1541.png
images_png/1542.png masks_png/1542.png
images_png/1543.png masks_png/1543.png
images_png/1544.png masks_png/1544.png
images_png/1545.png masks_png/1545.png
images_png/1546.png masks_png/1546.png
images_png/1547.png masks_png/1547.png
images_png/1548.png masks_png/1548.png
images_png/1549.png masks_png/1549.png
images_png/1550.png masks_png/1550.png
images_png/1551.png masks_png/1551.png
images_png/1552.png masks_png/1552.png
images_png/1553.png masks_png/1553.png
images_png/1554.png masks_png/1554.png
images_png/1555.png masks_png/1555.png
images_png/1556.png masks_png/1556.png
images_png/1557.png masks_png/1557.png
images_png/1558.png masks_png/1558.png
images_png/1559.png masks_png/1559.png
images_png/1560.png masks_png/1560.png
images_png/1561.png masks_png/1561.png
images_png/1562.png masks_png/1562.png
images_png/1563.png masks_png/1563.png
images_png/1564.png masks_png/1564.png
images_png/1565.png masks_png/1565.png
images_png/1566.png masks_png/1566.png
images_png/1567.png masks_png/1567.png
images_png/1568.png masks_png/1568.png
images_png/1569.png masks_png/1569.png
images_png/1570.png masks_png/1570.png
images_png/1571.png masks_png/1571.png
images_png/1572.png masks_png/1572.png
images_png/1573.png masks_png/1573.png
images_png/1574.png masks_png/1574.png
images_png/1575.png masks_png/1575.png
images_png/1576.png masks_png/1576.png
images_png/1577.png masks_png/1577.png
images_png/1578.png masks_png/1578.png
images_png/1579.png masks_png/1579.png
images_png/1580.png masks_png/1580.png
images_png/1581.png masks_png/1581.png
images_png/1582.png masks_png/1582.png
images_png/1583.png masks_png/1583.png
images_png/1584.png masks_png/1584.png
images_png/1585.png masks_png/1585.png
images_png/1586.png masks_png/1586.png
images_png/1587.png masks_png/1587.png
images_png/1588.png masks_png/1588.png
images_png/1589.png masks_png/1589.png
images_png/1590.png masks_png/1590.png
images_png/1591.png masks_png/1591.png
images_png/1592.png masks_png/1592.png
images_png/1593.png masks_png/1593.png
images_png/1594.png masks_png/1594.png
images_png/1595.png masks_png/1595.png
images_png/1596.png masks_png/1596.png
images_png/1597.png masks_png/1597.png
images_png/1598.png masks_png/1598.png
images_png/1599.png masks_png/1599.png
images_png/1600.png masks_png/1600.png
images_png/1601.png masks_png/1601.png
images_png/1602.png masks_png/1602.png
images_png/1603.png masks_png/1603.png
images_png/1604.png masks_png/1604.png
images_png/1605.png masks_png/1605.png
images_png/1606.png masks_png/1606.png
images_png/1607.png masks_png/1607.png
images_png/1608.png masks_png/1608.png
images_png/1609.png masks_png/1609.png
images_png/1610.png masks_png/1610.png
images_png/1611.png masks_png/1611.png
images_png/1612.png masks_png/1612.png
images_png/1613.png masks_png/1613.png
images_png/1614.png masks_png/1614.png
images_png/1615.png masks_png/1615.png
images_png/1616.png masks_png/1616.png
images_png/1617.png masks_png/1617.png
images_png/1618.png masks_png/1618.png
images_png/1619.png masks_png/1619.png
images_png/1620.png masks_png/1620.png
images_png/1621.png masks_png/1621.png
images_png/1622.png masks_png/1622.png
images_png/1623.png masks_png/1623.png
images_png/1624.png masks_png/1624.png
images_png/1625.png masks_png/1625.png
images_png/1626.png masks_png/1626.png
images_png/1627.png masks_png/1627.png
images_png/1628.png masks_png/1628.png
images_png/1629.png masks_png/1629.png
images_png/1630.png masks_png/1630.png
images_png/1631.png masks_png/1631.png
images_png/1632.png masks_png/1632.png
images_png/1633.png masks_png/1633.png
images_png/1634.png masks_png/1634.png
images_png/1635.png masks_png/1635.png
images_png/1636.png masks_png/1636.png
images_png/1637.png masks_png/1637.png
images_png/1638.png masks_png/1638.png
images_png/1639.png masks_png/1639.png
images_png/1640.png masks_png/1640.png
images_png/1641.png masks_png/1641.png
images_png/1642.png masks_png/1642.png
images_png/1643.png masks_png/1643.png
images_png/1644.png masks_png/1644.png
images_png/1645.png masks_png/1645.png
images_png/1646.png masks_png/1646.png
images_png/1647.png masks_png/1647.png
images_png/1648.png masks_png/1648.png
images_png/1649.png masks_png/1649.png
images_png/1650.png masks_png/1650.png
images_png/1651.png masks_png/1651.png
images_png/1652.png masks_png/1652.png
images_png/1653.png masks_png/1653.png
images_png/1654.png masks_png/1654.png
images_png/1655.png masks_png/1655.png
images_png/1656.png masks_png/1656.png
images_png/1657.png masks_png/1657.png
images_png/1658.png masks_png/1658.png
images_png/1659.png masks_png/1659.png
images_png/1660.png masks_png/1660.png
images_png/1661.png masks_png/1661.png
images_png/1662.png masks_png/1662.png
images_png/1663.png masks_png/1663.png
images_png/1664.png masks_png/1664.png
images_png/1665.png masks_png/1665.png
images_png/1666.png masks_png/1666.png
images_png/1667.png masks_png/1667.png
images_png/1668.png masks_png/1668.png
images_png/1669.png masks_png/1669.png
images_png/1670.png masks_png/1670.png
images_png/1671.png masks_png/1671.png
images_png/1672.png masks_png/1672.png
images_png/1673.png masks_png/1673.png
images_png/1674.png masks_png/1674.png
images_png/1675.png masks_png/1675.png
images_png/1676.png masks_png/1676.png
images_png/1677.png masks_png/1677.png
images_png/1678.png masks_png/1678.png
images_png/1679.png masks_png/1679.png
images_png/1680.png masks_png/1680.png
images_png/1681.png masks_png/1681.png
images_png/1682.png masks_png/1682.png
images_png/1683.png masks_png/1683.png
images_png/1684.png masks_png/1684.png
images_png/1685.png masks_png/1685.png
images_png/1686.png masks_png/1686.png
images_png/1687.png masks_png/1687.png
images_png/1688.png masks_png/1688.png
images_png/1689.png masks_png/1689.png
images_png/1690.png masks_png/1690.png
images_png/1691.png masks_png/1691.png
images_png/1692.png masks_png/1692.png
images_png/1693.png masks_png/1693.png
images_png/1694.png masks_png/1694.png
images_png/1695.png masks_png/1695.png
images_png/1696.png masks_png/1696.png
images_png/1697.png masks_png/1697.png
images_png/1698.png masks_png/1698.png
images_png/1699.png masks_png/1699.png
images_png/1700.png masks_png/1700.png
images_png/1701.png masks_png/1701.png
images_png/1702.png masks_png/1702.png
images_png/1703.png masks_png/1703.png
images_png/1704.png masks_png/1704.png
images_png/1705.png masks_png/1705.png
images_png/1706.png masks_png/1706.png
images_png/1707.png masks_png/1707.png
images_png/1708.png masks_png/1708.png
images_png/1709.png masks_png/1709.png
images_png/1710.png masks_png/1710.png
images_png/1711.png masks_png/1711.png
images_png/1712.png masks_png/1712.png
images_png/1713.png masks_png/1713.png
images_png/1714.png masks_png/1714.png
images_png/1715.png masks_png/1715.png
images_png/1716.png masks_png/1716.png
images_png/1717.png masks_png/1717.png
images_png/1718.png masks_png/1718.png
images_png/1719.png masks_png/1719.png
images_png/1720.png masks_png/1720.png
images_png/1721.png masks_png/1721.png
images_png/1722.png masks_png/1722.png
images_png/1723.png masks_png/1723.png
images_png/1724.png masks_png/1724.png
images_png/1725.png masks_png/1725.png
images_png/1726.png masks_png/1726.png
images_png/1727.png masks_png/1727.png
images_png/1728.png masks_png/1728.png
images_png/1729.png masks_png/1729.png
images_png/1730.png masks_png/1730.png
images_png/1731.png masks_png/1731.png
images_png/1732.png masks_png/1732.png
images_png/1733.png masks_png/1733.png
images_png/1734.png masks_png/1734.png
images_png/1735.png masks_png/1735.png
images_png/1736.png masks_png/1736.png
images_png/1737.png masks_png/1737.png
images_png/1738.png masks_png/1738.png
images_png/1739.png masks_png/1739.png
images_png/1740.png masks_png/1740.png
images_png/1741.png masks_png/1741.png
images_png/1742.png masks_png/1742.png
images_png/1743.png masks_png/1743.png
images_png/1744.png masks_png/1744.png
images_png/1745.png masks_png/1745.png
images_png/1746.png masks_png/1746.png
images_png/1747.png masks_png/1747.png
images_png/1748.png masks_png/1748.png
images_png/1749.png masks_png/1749.png
images_png/1750.png masks_png/1750.png
images_png/1751.png masks_png/1751.png
images_png/1752.png masks_png/1752.png
images_png/1753.png masks_png/1753.png
images_png/1754.png masks_png/1754.png
images_png/1755.png masks_png/1755.png
images_png/1756.png masks_png/1756.png
images_png/1757.png masks_png/1757.png
images_png/1758.png masks_png/1758.png
images_png/1759.png masks_png/1759.png
images_png/1760.png masks_png/1760.png
images_png/1761.png masks_png/1761.png
images_png/1762.png masks_png/1762.png
images_png/1763.png masks_png/1763.png
images_png/1764.png masks_png/1764.png
images_png/1765.png masks_png/1765.png
images_png/1766.png masks_png/1766.png
images_png/1767.png masks_png/1767.png
images_png/1768.png masks_png/1768.png
images_png/1769.png masks_png/1769.png
images_png/1770.png masks_png/1770.png
images_png/1771.png masks_png/1771.png
images_png/1772.png masks_png/1772.png
images_png/1773.png masks_png/1773.png
images_png/1774.png masks_png/1774.png
images_png/1775.png masks_png/1775.png
images_png/1776.png masks_png/1776.png
images_png/1777.png masks_png/1777.png
images_png/1778.png masks_png/1778.png
images_png/1779.png masks_png/1779.png
images_png/1780.png masks_png/1780.png
images_png/1781.png masks_png/1781.png
images_png/1782.png masks_png/1782.png
images_png/1783.png masks_png/1783.png
images_png/1784.png masks_png/1784.png
images_png/1785.png masks_png/1785.png
images_png/1786.png masks_png/1786.png
images_png/1787.png masks_png/1787.png
images_png/1788.png masks_png/1788.png
images_png/1789.png masks_png/1789.png
images_png/1790.png masks_png/1790.png
images_png/1791.png masks_png/1791.png
images_png/1792.png masks_png/1792.png
images_png/1793.png masks_png/1793.png
images_png/1794.png masks_png/1794.png
images_png/1795.png masks_png/1795.png
images_png/1796.png masks_png/1796.png
images_png/1797.png masks_png/1797.png
images_png/1798.png masks_png/1798.png
images_png/1799.png masks_png/1799.png
images_png/1800.png masks_png/1800.png
images_png/1801.png masks_png/1801.png
images_png/1802.png masks_png/1802.png
images_png/1803.png masks_png/1803.png
images_png/1804.png masks_png/1804.png
images_png/1805.png masks_png/1805.png
images_png/1806.png masks_png/1806.png
images_png/1807.png masks_png/1807.png
images_png/1808.png masks_png/1808.png
images_png/1809.png masks_png/1809.png
images_png/1810.png masks_png/1810.png
images_png/1811.png masks_png/1811.png
images_png/1812.png masks_png/1812.png
images_png/1813.png masks_png/1813.png
images_png/1814.png masks_png/1814.png
images_png/1815.png masks_png/1815.png
images_png/1816.png masks_png/1816.png
images_png/1817.png masks_png/1817.png
images_png/1818.png masks_png/1818.png
images_png/1819.png masks_png/1819.png
images_png/1820.png masks_png/1820.png
images_png/1821.png masks_png/1821.png
images_png/1822.png masks_png/1822.png
images_png/1823.png masks_png/1823.png
images_png/1824.png masks_png/1824.png
images_png/1825.png masks_png/1825.png
images_png/1826.png masks_png/1826.png
images_png/1827.png masks_png/1827.png
images_png/1828.png masks_png/1828.png
images_png/1829.png masks_png/1829.png
images_png/1830.png masks_png/1830.png
images_png/1831.png masks_png/1831.png
images_png/1832.png masks_png/1832.png
images_png/1833.png masks_png/1833.png
images_png/1834.png masks_png/1834.png
images_png/1835.png masks_png/1835.png
images_png/1836.png masks_png/1836.png
images_png/1837.png masks_png/1837.png
images_png/1838.png masks_png/1838.png
images_png/1839.png masks_png/1839.png
images_png/1840.png masks_png/1840.png
images_png/1841.png masks_png/1841.png
images_png/1842.png masks_png/1842.png
images_png/1843.png masks_png/1843.png
images_png/1844.png masks_png/1844.png
images_png/1845.png masks_png/1845.png
images_png/1846.png masks_png/1846.png
images_png/1847.png masks_png/1847.png
images_png/1848.png masks_png/1848.png
images_png/1849.png masks_png/1849.png
images_png/1850.png masks_png/1850.png
images_png/1851.png masks_png/1851.png
images_png/1852.png masks_png/1852.png
images_png/1853.png masks_png/1853.png
images_png/1854.png masks_png/1854.png
images_png/1855.png masks_png/1855.png
images_png/1856.png masks_png/1856.png
images_png/1857.png masks_png/1857.png
images_png/1858.png masks_png/1858.png
images_png/1859.png masks_png/1859.png
images_png/1860.png masks_png/1860.png
images_png/1861.png masks_png/1861.png
images_png/1862.png masks_png/1862.png
images_png/1863.png masks_png/1863.png
images_png/1864.png masks_png/1864.png
images_png/1865.png masks_png/1865.png
images_png/1866.png masks_png/1866.png
images_png/1867.png masks_png/1867.png
images_png/1868.png masks_png/1868.png
images_png/1869.png masks_png/1869.png
images_png/1870.png masks_png/1870.png
images_png/1871.png masks_png/1871.png
images_png/1872.png masks_png/1872.png
images_png/1873.png masks_png/1873.png
images_png/1874.png masks_png/1874.png
images_png/1875.png masks_png/1875.png
images_png/1876.png masks_png/1876.png
images_png/1877.png masks_png/1877.png
images_png/1878.png masks_png/1878.png
images_png/1879.png masks_png/1879.png
images_png/1880.png masks_png/1880.png
images_png/1881.png masks_png/1881.png
images_png/1882.png masks_png/1882.png
images_png/1883.png masks_png/1883.png
images_png/1884.png masks_png/1884.png
images_png/1885.png masks_png/1885.png
images_png/1886.png masks_png/1886.png
images_png/1887.png masks_png/1887.png
images_png/1888.png masks_png/1888.png
images_png/1889.png masks_png/1889.png
images_png/1890.png masks_png/1890.png
images_png/1891.png masks_png/1891.png
images_png/1892.png masks_png/1892.png
images_png/1893.png masks_png/1893.png
images_png/1894.png masks_png/1894.png
images_png/1895.png masks_png/1895.png
images_png/1896.png masks_png/1896.png
images_png/1897.png masks_png/1897.png
images_png/1898.png masks_png/1898.png
images_png/1899.png masks_png/1899.png
images_png/1900.png masks_png/1900.png
images_png/1901.png masks_png/1901.png
images_png/1902.png masks_png/1902.png
images_png/1903.png masks_png/1903.png
images_png/1904.png masks_png/1904.png
images_png/1905.png masks_png/1905.png
images_png/1906.png masks_png/1906.png
images_png/1907.png masks_png/1907.png
images_png/1908.png masks_png/1908.png
images_png/1909.png masks_png/1909.png
images_png/1910.png masks_png/1910.png
images_png/1911.png masks_png/1911.png
images_png/1912.png masks_png/1912.png
images_png/1913.png masks_png/1913.png
images_png/1914.png masks_png/1914.png
images_png/1915.png masks_png/1915.png
images_png/1916.png masks_png/1916.png
images_png/1917.png masks_png/1917.png
images_png/1918.png masks_png/1918.png
images_png/1919.png masks_png/1919.png
images_png/1920.png masks_png/1920.png
images_png/1921.png masks_png/1921.png
images_png/1922.png masks_png/1922.png
images_png/1923.png masks_png/1923.png
images_png/1924.png masks_png/1924.png
images_png/1925.png masks_png/1925.png
images_png/1926.png masks_png/1926.png
images_png/1927.png masks_png/1927.png
images_png/1928.png masks_png/1928.png
images_png/1929.png masks_png/1929.png
images_png/1930.png masks_png/1930.png
images_png/1931.png masks_png/1931.png
images_png/1932.png masks_png/1932.png
images_png/1933.png masks_png/1933.png
images_png/1934.png masks_png/1934.png
images_png/1935.png masks_png/1935.png
images_png/1936.png masks_png/1936.png
images_png/1937.png masks_png/1937.png
images_png/1938.png masks_png/1938.png
images_png/1939.png masks_png/1939.png
images_png/1940.png masks_png/1940.png
images_png/1941.png masks_png/1941.png
images_png/1942.png masks_png/1942.png
images_png/1943.png masks_png/1943.png
images_png/1944.png masks_png/1944.png
images_png/1945.png masks_png/1945.png
images_png/1946.png masks_png/1946.png
images_png/1947.png masks_png/1947.png
images_png/1948.png masks_png/1948.png
images_png/1949.png masks_png/1949.png
images_png/1950.png masks_png/1950.png
images_png/1951.png masks_png/1951.png
images_png/1952.png masks_png/1952.png
images_png/1953.png masks_png/1953.png
images_png/1954.png masks_png/1954.png
images_png/1955.png masks_png/1955.png
images_png/1956.png masks_png/1956.png
images_png/1957.png masks_png/1957.png
images_png/1958.png masks_png/1958.png
images_png/1959.png masks_png/1959.png
images_png/1960.png masks_png/1960.png
images_png/1961.png masks_png/1961.png
images_png/1962.png masks_png/1962.png
images_png/1963.png masks_png/1963.png
images_png/1964.png masks_png/1964.png
images_png/1965.png masks_png/1965.png
images_png/1966.png masks_png/1966.png
images_png/1967.png masks_png/1967.png
images_png/1968.png masks_png/1968.png
images_png/1969.png masks_png/1969.png
images_png/1970.png masks_png/1970.png
images_png/1971.png masks_png/1971.png
images_png/1972.png masks_png/1972.png
images_png/1973.png masks_png/1973.png
images_png/1974.png masks_png/1974.png
images_png/1975.png masks_png/1975.png
images_png/1976.png masks_png/1976.png
images_png/1977.png masks_png/1977.png
images_png/1978.png masks_png/1978.png
images_png/1979.png masks_png/1979.png
images_png/1980.png masks_png/1980.png
images_png/1981.png masks_png/1981.png
images_png/1982.png masks_png/1982.png
images_png/1983.png masks_png/1983.png
images_png/1984.png masks_png/1984.png
images_png/1985.png masks_png/1985.png
images_png/1986.png masks_png/1986.png
images_png/1987.png masks_png/1987.png
images_png/1988.png masks_png/1988.png
images_png/1989.png masks_png/1989.png
images_png/1990.png masks_png/1990.png
images_png/1991.png masks_png/1991.png
images_png/1992.png masks_png/1992.png
images_png/1993.png masks_png/1993.png
images_png/1994.png masks_png/1994.png
images_png/1995.png masks_png/1995.png
images_png/1996.png masks_png/1996.png
images_png/1997.png masks_png/1997.png
images_png/1998.png masks_png/1998.png
images_png/1999.png masks_png/1999.png
images_png/2000.png masks_png/2000.png
images_png/2001.png masks_png/2001.png
images_png/2002.png masks_png/2002.png
images_png/2003.png masks_png/2003.png
images_png/2004.png masks_png/2004.png
images_png/2005.png masks_png/2005.png
images_png/2006.png masks_png/2006.png
images_png/2007.png masks_png/2007.png
images_png/2008.png masks_png/2008.png
images_png/2009.png masks_png/2009.png
images_png/2010.png masks_png/2010.png
images_png/2011.png masks_png/2011.png
images_png/2012.png masks_png/2012.png
images_png/2013.png masks_png/2013.png
images_png/2014.png masks_png/2014.png
images_png/2015.png masks_png/2015.png
images_png/2016.png masks_png/2016.png
images_png/2017.png masks_png/2017.png
images_png/2018.png masks_png/2018.png
images_png/2019.png masks_png/2019.png
images_png/2020.png masks_png/2020.png
images_png/2021.png masks_png/2021.png
images_png/2022.png masks_png/2022.png
images_png/2023.png masks_png/2023.png
images_png/2024.png masks_png/2024.png
images_png/2025.png masks_png/2025.png
images_png/2026.png masks_png/2026.png
images_png/2027.png masks_png/2027.png
images_png/2028.png masks_png/2028.png
images_png/2029.png masks_png/2029.png
images_png/2030.png masks_png/2030.png
images_png/2031.png masks_png/2031.png
images_png/2032.png masks_png/2032.png
images_png/2033.png masks_png/2033.png
images_png/2034.png masks_png/2034.png
images_png/2035.png masks_png/2035.png
images_png/2036.png masks_png/2036.png
images_png/2037.png masks_png/2037.png
images_png/2038.png masks_png/2038.png
images_png/2039.png masks_png/2039.png
images_png/2040.png masks_png/2040.png
images_png/2041.png masks_png/2041.png
images_png/2042.png masks_png/2042.png
images_png/2043.png masks_png/2043.png
images_png/2044.png masks_png/2044.png
images_png/2045.png masks_png/2045.png
images_png/2046.png masks_png/2046.png
images_png/2047.png masks_png/2047.png
images_png/2048.png masks_png/2048.png
images_png/2049.png masks_png/2049.png
images_png/2050.png masks_png/2050.png
images_png/2051.png masks_png/2051.png
images_png/2052.png masks_png/2052.png
images_png/2053.png masks_png/2053.png
images_png/2054.png masks_png/2054.png
images_png/2055.png masks_png/2055.png
images_png/2056.png masks_png/2056.png
images_png/2057.png masks_png/2057.png
images_png/2058.png masks_png/2058.png
images_png/2059.png masks_png/2059.png
images_png/2060.png masks_png/2060.png
images_png/2061.png masks_png/2061.png
images_png/2062.png masks_png/2062.png
images_png/2063.png masks_png/2063.png
images_png/2064.png masks_png/2064.png
images_png/2065.png masks_png/2065.png
images_png/2066.png masks_png/2066.png
images_png/2067.png masks_png/2067.png
images_png/2068.png masks_png/2068.png
images_png/2069.png masks_png/2069.png
images_png/2070.png masks_png/2070.png
images_png/2071.png masks_png/2071.png
images_png/2072.png masks_png/2072.png
images_png/2073.png masks_png/2073.png
images_png/2074.png masks_png/2074.png
images_png/2075.png masks_png/2075.png
images_png/2076.png masks_png/2076.png
images_png/2077.png masks_png/2077.png
images_png/2078.png masks_png/2078.png
images_png/2079.png masks_png/2079.png
images_png/2080.png masks_png/2080.png
images_png/2081.png masks_png/2081.png
images_png/2082.png masks_png/2082.png
images_png/2083.png masks_png/2083.png
images_png/2084.png masks_png/2084.png
images_png/2085.png masks_png/2085.png
images_png/2086.png masks_png/2086.png
images_png/2087.png masks_png/2087.png
images_png/2088.png masks_png/2088.png
images_png/2089.png masks_png/2089.png
images_png/2090.png masks_png/2090.png
images_png/2091.png masks_png/2091.png
images_png/2092.png masks_png/2092.png
images_png/2093.png masks_png/2093.png
images_png/2094.png masks_png/2094.png
images_png/2095.png masks_png/2095.png
images_png/2096.png masks_png/2096.png
images_png/2097.png masks_png/2097.png
images_png/2098.png masks_png/2098.png
images_png/2099.png masks_png/2099.png
images_png/2100.png masks_png/2100.png
images_png/2101.png masks_png/2101.png
images_png/2102.png masks_png/2102.png
images_png/2103.png masks_png/2103.png
images_png/2104.png masks_png/2104.png
images_png/2105.png masks_png/2105.png
images_png/2106.png masks_png/2106.png
images_png/2107.png masks_png/2107.png
images_png/2108.png masks_png/2108.png
images_png/2109.png masks_png/2109.png
images_png/2110.png masks_png/2110.png
images_png/2111.png masks_png/2111.png
images_png/2112.png masks_png/2112.png
images_png/2113.png masks_png/2113.png
images_png/2114.png masks_png/2114.png
images_png/2115.png masks_png/2115.png
images_png/2116.png masks_png/2116.png
images_png/2117.png masks_png/2117.png
images_png/2118.png masks_png/2118.png
images_png/2119.png masks_png/2119.png
images_png/2120.png masks_png/2120.png
images_png/2121.png masks_png/2121.png
images_png/2122.png masks_png/2122.png
images_png/2123.png masks_png/2123.png
images_png/2124.png masks_png/2124.png
images_png/2125.png masks_png/2125.png
images_png/2126.png masks_png/2126.png
images_png/2127.png masks_png/2127.png
images_png/2128.png masks_png/2128.png
images_png/2129.png masks_png/2129.png
images_png/2130.png masks_png/2130.png
images_png/2131.png masks_png/2131.png
images_png/2132.png masks_png/2132.png
images_png/2133.png masks_png/2133.png
images_png/2134.png masks_png/2134.png
images_png/2135.png masks_png/2135.png
images_png/2136.png masks_png/2136.png
images_png/2137.png masks_png/2137.png
images_png/2138.png masks_png/2138.png
images_png/2139.png masks_png/2139.png
images_png/2140.png masks_png/2140.png
images_png/2141.png masks_png/2141.png
images_png/2142.png masks_png/2142.png
images_png/2143.png masks_png/2143.png
images_png/2144.png masks_png/2144.png
images_png/2145.png masks_png/2145.png
images_png/2146.png masks_png/2146.png
images_png/2147.png masks_png/2147.png
images_png/2148.png masks_png/2148.png
images_png/2149.png masks_png/2149.png
images_png/2150.png masks_png/2150.png
images_png/2151.png masks_png/2151.png
images_png/2152.png masks_png/2152.png
images_png/2153.png masks_png/2153.png
images_png/2154.png masks_png/2154.png
images_png/2155.png masks_png/2155.png
images_png/2156.png masks_png/2156.png
images_png/2157.png masks_png/2157.png
images_png/2158.png masks_png/2158.png
images_png/2159.png masks_png/2159.png
images_png/2160.png masks_png/2160.png
images_png/2161.png masks_png/2161.png
images_png/2162.png masks_png/2162.png
images_png/2163.png masks_png/2163.png
images_png/2164.png masks_png/2164.png
images_png/2165.png masks_png/2165.png
images_png/2166.png masks_png/2166.png
images_png/2167.png masks_png/2167.png
images_png/2168.png masks_png/2168.png
images_png/2169.png masks_png/2169.png
images_png/2170.png masks_png/2170.png
images_png/2171.png masks_png/2171.png
images_png/2172.png masks_png/2172.png
images_png/2173.png masks_png/2173.png
images_png/2174.png masks_png/2174.png
images_png/2175.png masks_png/2175.png
images_png/2176.png masks_png/2176.png
images_png/2177.png masks_png/2177.png
images_png/2178.png masks_png/2178.png
images_png/2179.png masks_png/2179.png
images_png/2180.png masks_png/2180.png
images_png/2181.png masks_png/2181.png
images_png/2182.png masks_png/2182.png
images_png/2183.png masks_png/2183.png
images_png/2184.png masks_png/2184.png
images_png/2185.png masks_png/2185.png
images_png/2186.png masks_png/2186.png
images_png/2187.png masks_png/2187.png
images_png/2188.png masks_png/2188.png
images_png/2189.png masks_png/2189.png
images_png/2190.png masks_png/2190.png
images_png/2191.png masks_png/2191.png
images_png/2192.png masks_png/2192.png
images_png/2193.png masks_png/2193.png
images_png/2194.png masks_png/2194.png
images_png/2195.png masks_png/2195.png
images_png/2196.png masks_png/2196.png
images_png/2197.png masks_png/2197.png
images_png/2198.png masks_png/2198.png
images_png/2199.png masks_png/2199.png
images_png/2200.png masks_png/2200.png
images_png/2201.png masks_png/2201.png
images_png/2202.png masks_png/2202.png
images_png/2203.png masks_png/2203.png
images_png/2204.png masks_png/2204.png
images_png/2205.png masks_png/2205.png
images_png/2206.png masks_png/2206.png
images_png/2207.png masks_png/2207.png
images_png/2208.png masks_png/2208.png
images_png/2209.png masks_png/2209.png
images_png/2210.png masks_png/2210.png
images_png/2211.png masks_png/2211.png
images_png/2212.png masks_png/2212.png
images_png/2213.png masks_png/2213.png
images_png/2214.png masks_png/2214.png
images_png/2215.png masks_png/2215.png
images_png/2216.png masks_png/2216.png
images_png/2217.png masks_png/2217.png
images_png/2218.png masks_png/2218.png
images_png/2219.png masks_png/2219.png
images_png/2220.png masks_png/2220.png
images_png/2221.png masks_png/2221.png
images_png/2222.png masks_png/2222.png
images_png/2223.png masks_png/2223.png
images_png/2224.png masks_png/2224.png
images_png/2225.png masks_png/2225.png
images_png/2226.png masks_png/2226.png
images_png/2227.png masks_png/2227.png
images_png/2228.png masks_png/2228.png
images_png/2229.png masks_png/2229.png
images_png/2230.png masks_png/2230.png
images_png/2231.png masks_png/2231.png
images_png/2232.png masks_png/2232.png
images_png/2233.png masks_png/2233.png
images_png/2234.png masks_png/2234.png
images_png/2235.png masks_png/2235.png
images_png/2236.png masks_png/2236.png
images_png/2237.png masks_png/2237.png
images_png/2238.png masks_png/2238.png
images_png/2239.png masks_png/2239.png
images_png/2240.png masks_png/2240.png
images_png/2241.png masks_png/2241.png
images_png/2242.png masks_png/2242.png
images_png/2243.png masks_png/2243.png
images_png/2244.png masks_png/2244.png
images_png/2245.png masks_png/2245.png
images_png/2246.png masks_png/2246.png
images_png/2247.png masks_png/2247.png
images_png/2248.png masks_png/2248.png
images_png/2249.png masks_png/2249.png
images_png/2250.png masks_png/2250.png
images_png/2251.png masks_png/2251.png
images_png/2252.png masks_png/2252.png
images_png/2253.png masks_png/2253.png
images_png/2254.png masks_png/2254.png
images_png/2255.png masks_png/2255.png
images_png/2256.png masks_png/2256.png
images_png/2257.png masks_png/2257.png
images_png/2258.png masks_png/2258.png
images_png/2259.png masks_png/2259.png
images_png/2260.png masks_png/2260.png
images_png/2261.png masks_png/2261.png
images_png/2262.png masks_png/2262.png
images_png/2263.png masks_png/2263.png
images_png/2264.png masks_png/2264.png
images_png/2265.png masks_png/2265.png
images_png/2266.png masks_png/2266.png
images_png/2267.png masks_png/2267.png
images_png/2268.png masks_png/2268.png
images_png/2269.png masks_png/2269.png
images_png/2270.png masks_png/2270.png
images_png/2271.png masks_png/2271.png
images_png/2272.png masks_png/2272.png
images_png/2273.png masks_png/2273.png
images_png/2274.png masks_png/2274.png
images_png/2275.png masks_png/2275.png
images_png/2276.png masks_png/2276.png
images_png/2277.png masks_png/2277.png
images_png/2278.png masks_png/2278.png
images_png/2279.png masks_png/2279.png
images_png/2280.png masks_png/2280.png
images_png/2281.png masks_png/2281.png
images_png/2282.png masks_png/2282.png
images_png/2283.png masks_png/2283.png
images_png/2284.png masks_png/2284.png
images_png/2285.png masks_png/2285.png
images_png/2286.png masks_png/2286.png
images_png/2287.png masks_png/2287.png
images_png/2288.png masks_png/2288.png
images_png/2289.png masks_png/2289.png
images_png/2290.png masks_png/2290.png
images_png/2291.png masks_png/2291.png
images_png/2292.png masks_png/2292.png
images_png/2293.png masks_png/2293.png
images_png/2294.png masks_png/2294.png
images_png/2295.png masks_png/2295.png
images_png/2296.png masks_png/2296.png
images_png/2297.png masks_png/2297.png
images_png/2298.png masks_png/2298.png
images_png/2299.png masks_png/2299.png
images_png/2300.png masks_png/2300.png
images_png/2301.png masks_png/2301.png
images_png/2302.png masks_png/2302.png
images_png/2303.png masks_png/2303.png
images_png/2304.png masks_png/2304.png
images_png/2305.png masks_png/2305.png
images_png/2306.png masks_png/2306.png
images_png/2307.png masks_png/2307.png
images_png/2308.png masks_png/2308.png
images_png/2309.png masks_png/2309.png
images_png/2310.png masks_png/2310.png
images_png/2311.png masks_png/2311.png
images_png/2312.png masks_png/2312.png
images_png/2313.png masks_png/2313.png
images_png/2314.png masks_png/2314.png
images_png/2315.png masks_png/2315.png
images_png/2316.png masks_png/2316.png
images_png/2317.png masks_png/2317.png
images_png/2318.png masks_png/2318.png
images_png/2319.png masks_png/2319.png
images_png/2320.png masks_png/2320.png
images_png/2321.png masks_png/2321.png
images_png/2322.png masks_png/2322.png
images_png/2323.png masks_png/2323.png
images_png/2324.png masks_png/2324.png
images_png/2325.png masks_png/2325.png
images_png/2326.png masks_png/2326.png
images_png/2327.png masks_png/2327.png
images_png/2328.png masks_png/2328.png
images_png/2329.png masks_png/2329.png
images_png/2330.png masks_png/2330.png
images_png/2331.png masks_png/2331.png
images_png/2332.png masks_png/2332.png
images_png/2333.png masks_png/2333.png
images_png/2334.png masks_png/2334.png
images_png/2335.png masks_png/2335.png
images_png/2336.png masks_png/2336.png
images_png/2337.png masks_png/2337.png
images_png/2338.png masks_png/2338.png
images_png/2339.png masks_png/2339.png
images_png/2340.png masks_png/2340.png
images_png/2341.png masks_png/2341.png
images_png/2342.png masks_png/2342.png
images_png/2343.png masks_png/2343.png
images_png/2344.png masks_png/2344.png
images_png/2345.png masks_png/2345.png
images_png/2346.png masks_png/2346.png
images_png/2347.png masks_png/2347.png
images_png/2348.png masks_png/2348.png
images_png/2349.png masks_png/2349.png
images_png/2350.png masks_png/2350.png
images_png/2351.png masks_png/2351.png
images_png/2352.png masks_png/2352.png
images_png/2353.png masks_png/2353.png
images_png/2354.png masks_png/2354.png
images_png/2355.png masks_png/2355.png
images_png/2356.png masks_png/2356.png
images_png/2357.png masks_png/2357.png
images_png/2358.png masks_png/2358.png
images_png/2359.png masks_png/2359.png
images_png/2360.png masks_png/2360.png
images_png/2361.png masks_png/2361.png
images_png/2362.png masks_png/2362.png
images_png/2363.png masks_png/2363.png
images_png/2364.png masks_png/2364.png
images_png/2365.png masks_png/2365.png
images_png/2366.png masks_png/2366.png
images_png/2367.png masks_png/2367.png
images_png/2368.png masks_png/2368.png
images_png/2369.png masks_png/2369.png
images_png/2370.png masks_png/2370.png
images_png/2371.png masks_png/2371.png
images_png/2372.png masks_png/2372.png
images_png/2373.png masks_png/2373.png
images_png/2374.png masks_png/2374.png
images_png/2375.png masks_png/2375.png
images_png/2376.png masks_png/2376.png
images_png/2377.png masks_png/2377.png
images_png/2378.png masks_png/2378.png
images_png/2379.png masks_png/2379.png
images_png/2380.png masks_png/2380.png
images_png/2381.png masks_png/2381.png
images_png/2382.png masks_png/2382.png
images_png/2383.png masks_png/2383.png
images_png/2384.png masks_png/2384.png
images_png/2385.png masks_png/2385.png
images_png/2386.png masks_png/2386.png
images_png/2387.png masks_png/2387.png
images_png/2388.png masks_png/2388.png
images_png/2389.png masks_png/2389.png
images_png/2390.png masks_png/2390.png
images_png/2391.png masks_png/2391.png
images_png/2392.png masks_png/2392.png
images_png/2393.png masks_png/2393.png
images_png/2394.png masks_png/2394.png
images_png/2395.png masks_png/2395.png
images_png/2396.png masks_png/2396.png
images_png/2397.png masks_png/2397.png
images_png/2398.png masks_png/2398.png
images_png/2399.png masks_png/2399.png
images_png/2400.png masks_png/2400.png
images_png/2401.png masks_png/2401.png
images_png/2402.png masks_png/2402.png
images_png/2403.png masks_png/2403.png
images_png/2404.png masks_png/2404.png
images_png/2405.png masks_png/2405.png
images_png/2406.png masks_png/2406.png
images_png/2407.png masks_png/2407.png
images_png/2408.png masks_png/2408.png
images_png/2409.png masks_png/2409.png
images_png/2410.png masks_png/2410.png
images_png/2411.png masks_png/2411.png
images_png/2412.png masks_png/2412.png
images_png/2413.png masks_png/2413.png
images_png/2414.png masks_png/2414.png
images_png/2415.png masks_png/2415.png
images_png/2416.png masks_png/2416.png
images_png/2417.png masks_png/2417.png
images_png/2418.png masks_png/2418.png
images_png/2419.png masks_png/2419.png
images_png/2420.png masks_png/2420.png
images_png/2421.png masks_png/2421.png
images_png/2422.png masks_png/2422.png
images_png/2423.png masks_png/2423.png
images_png/2424.png masks_png/2424.png
images_png/2425.png masks_png/2425.png
images_png/2426.png masks_png/2426.png
images_png/2427.png masks_png/2427.png
images_png/2428.png masks_png/2428.png
images_png/2429.png masks_png/2429.png
images_png/2430.png masks_png/2430.png
images_png/2431.png masks_png/2431.png
images_png/2432.png masks_png/2432.png
images_png/2433.png masks_png/2433.png
images_png/2434.png masks_png/2434.png
images_png/2435.png masks_png/2435.png
images_png/2436.png masks_png/2436.png
images_png/2437.png masks_png/2437.png
images_png/2438.png masks_png/2438.png
images_png/2439.png masks_png/2439.png
images_png/2440.png masks_png/2440.png
images_png/2441.png masks_png/2441.png
images_png/2442.png masks_png/2442.png
images_png/2443.png masks_png/2443.png
images_png/2444.png masks_png/2444.png
images_png/2445.png masks_png/2445.png
images_png/2446.png masks_png/2446.png
images_png/2447.png masks_png/2447.png
images_png/2448.png masks_png/2448.png
images_png/2449.png masks_png/2449.png
images_png/2450.png masks_png/2450.png
images_png/2451.png masks_png/2451.png
images_png/2452.png masks_png/2452.png
images_png/2453.png masks_png/2453.png
images_png/2454.png masks_png/2454.png
images_png/2455.png masks_png/2455.png
images_png/2456.png masks_png/2456.png
images_png/2457.png masks_png/2457.png
images_png/2458.png masks_png/2458.png
images_png/2459.png masks_png/2459.png
images_png/2460.png masks_png/2460.png
images_png/2461.png masks_png/2461.png
images_png/2462.png masks_png/2462.png
images_png/2463.png masks_png/2463.png
images_png/2464.png masks_png/2464.png
images_png/2465.png masks_png/2465.png
images_png/2466.png masks_png/2466.png
images_png/2467.png masks_png/2467.png
images_png/2468.png masks_png/2468.png
images_png/2469.png masks_png/2469.png
images_png/2470.png masks_png/2470.png
images_png/2471.png masks_png/2471.png
images_png/2472.png masks_png/2472.png
images_png/2473.png masks_png/2473.png
images_png/2474.png masks_png/2474.png
images_png/2475.png masks_png/2475.png
images_png/2476.png masks_png/2476.png
images_png/2477.png masks_png/2477.png
images_png/2478.png masks_png/2478.png
images_png/2479.png masks_png/2479.png
images_png/2480.png masks_png/2480.png
images_png/2481.png masks_png/2481.png
images_png/2482.png masks_png/2482.png
images_png/2483.png masks_png/2483.png
images_png/2484.png masks_png/2484.png
images_png/2485.png masks_png/2485.png
images_png/2486.png masks_png/2486.png
images_png/2487.png masks_png/2487.png
images_png/2488.png masks_png/2488.png
images_png/2489.png masks_png/2489.png
images_png/2490.png masks_png/2490.png
images_png/2491.png masks_png/2491.png
images_png/2492.png masks_png/2492.png
images_png/2493.png masks_png/2493.png
images_png/2494.png masks_png/2494.png
images_png/2495.png masks_png/2495.png
images_png/2496.png masks_png/2496.png
images_png/2497.png masks_png/2497.png
images_png/2498.png masks_png/2498.png
images_png/2499.png masks_png/2499.png
images_png/2500.png masks_png/2500.png
images_png/2501.png masks_png/2501.png
images_png/2502.png masks_png/2502.png
images_png/2503.png masks_png/2503.png
images_png/2504.png masks_png/2504.png
images_png/2505.png masks_png/2505.png
images_png/2506.png masks_png/2506.png
images_png/2507.png masks_png/2507.png
images_png/2508.png masks_png/2508.png
images_png/2509.png masks_png/2509.png
images_png/2510.png masks_png/2510.png
images_png/2511.png masks_png/2511.png
images_png/2512.png masks_png/2512.png
images_png/2513.png masks_png/2513.png
images_png/2514.png masks_png/2514.png
images_png/2515.png masks_png/2515.png
images_png/2516.png masks_png/2516.png
images_png/2517.png masks_png/2517.png
images_png/2518.png masks_png/2518.png
images_png/2519.png masks_png/2519.png
images_png/2520.png masks_png/2520.png
images_png/2521.png masks_png/2521.png
